[web.archive.org/web/20140208084445/http_/www.dogster.com/dogs/437747.html]
[backblue.gif]
[fade.gif]
[index.html]
[archive.org/includes/analytics2a5b.js]
[web.archive.org/web/20140210150055/http_/use.typekit.com/aap7vds.html]
[web.archive.org/web/20140209031305/http_/i.kissmetrics.com/i.html]
[web.archive.org/web/20140208084315/https_/apis.google.com/js/plusone.html]
[web.archive.org/web/20140208091838/http_/platform.twitter.com/widgets.html]
[web.archive.org/web/20140208084445/http_/www.dogster.com/dogs/437747.html]
[analytics.archive.org/0.gif]
[archive.org/includes/analytics2a5b.js]
[web.archive.org/static/js/jquery-1.11.1.min.js]
[web.archive.org/static/js/timestamp424b.js]
[web.archive.org/static/js/graph-calc424b.js]
[web.archive.org/static/js/auto-complete424b.js]
[web.archive.org/static/js/toolbar424b.js]
[web.archive.org/static/images/toolbar/wayback-toolbar-logo.png]
[use.typekit.com/aap7vds.js]
[web.archive.org/web/20140108185254/http_/use.typekit.com/aap7vds.html]
[web.archive.org/web/20140315204056/http_/use.typekit.com/aap7vds.html]
[web.archive.org/web/20140131173454/http_/use.typekit.com/aap7vds.html]
[web.archive.org/static/images/toolbar/wm_tb_prv_on.png]
[web.archive.org/web/20140212054809/http_/use.typekit.com/aap7vds.html]
[web.archive.org/static/images/toolbar/wm_tb_nxt_on.png]
[web.archive.org/web/20130204052025/http_/use.typekit.com/aap7vds.html]
[web.archive.org/web/20150214130239/http_/use.typekit.com/aap7vds.html]
[web.archive.org/static/images/loading.gif]
[web.archive.org/web/20140210150055_/http_/use.typekit.com/aap7vds.html]
[web.archive.org/web/20140210150055if_/http_/use.typekit.com/aap7vds.js]
[web.archive.org/web/20140210150055/http_/use.typekit.com/aap7vds.html]
[web.archive.org/web/20140110043636/http_/i.kissmetrics.com/i.html]
[web.archive.org/web/20140309031252/http_/i.kissmetrics.com/i.html]
[web.archive.org/web/20140210024855/http_/i.kissmetrics.com/i.html]
[web.archive.org/web/20130208093341/https_/i.kissmetrics.com/i.html]
[web.archive.org/web/20150208173804/http_/i.kissmetrics.com/i.html]
[web.archive.org/web/20140209031305/http_/i.kissmetrics.com/i.html]
[apis.google.com/js/plusone.js]
[web.archive.org/web/20140108084237/http_/apis.google.com/js/plusone.html]
[web.archive.org/web/20140308085106/http_/apis.google.com/js/plusone.html]
[web.archive.org/web/20140207084359/https_/apis.google.com/js/plusone.html]
[web.archive.org/web/20140209084335/https_/apis.google.com/js/plusone.html]
[web.archive.org/web/20130208083839/http_/apis.google.com/js/plusone.html]
[web.archive.org/web/20150208084355/https_/apis.google.com/js/plusone.html]
[web.archive.org/web/20140208084315if_/https_/apis.google.com/js/plusone.js]
[web.archive.org/web/20140208084315/https_/apis.google.com/js/plusone.html]
[platform.twitter.com/widgets.js]
[web.archive.org/web/20140108090340/http_/platform.twitter.com/widgets.html]
[web.archive.org/web/20140308091905/http_/platform.twitter.com/widgets.html]
[web.archive.org/web/20140207085601/http_/platform.twitter.com/widgets.html]
[web.archive.org/web/20140209090928/http_/platform.twitter.com/widgets.html]
[web.archive.org/web/20130208095105/http_/platform.twitter.com/widgets.html]
[web.archive.org/web/20150208092015/http_/platform.twitter.com/widgets.html]
[web.archive.org/web/20140208091838if_/http_/platform.twitter.com/widgets.js]
[web.archive.org/web/20140208091838/http_/platform.twitter.com/widgets.html]
[www.archiveteam.org/e/e6/Archiveteam.html]
[web.archive.org/static/css/banner-styles424b.css]
[web.archive.org/static/css/iconochive424b.css]
[web.archive.org/web/20131207181222/http_/use.typekit.com/aap7vds.html]
[web.archive.org/web/20140106202640/http_/use.typekit.com/aap7vds.html]
[web.archive.org/web/20140111115954/http_/use.typekit.com/aap7vds.html]
[web.archive.org/web/20130105064437/http_/use.typekit.com/aap7vds.html]
[web.archive.org/web/20150110171828/http_/use.typekit.com/aap7vds.html]
[web.archive.org/web/20140108185254_/http_/use.typekit.com/aap7vds.html]
[web.archive.org/web/20140108185254if_/http_/use.typekit.com/aap7vds.js]
[web.archive.org/web/20140108185254/http_/use.typekit.com/aap7vds.html]
[web.archive.org/web/20140215025700/http_/use.typekit.com/aap7vds.html]
[web.archive.org/web/20140415220841/http_/use.typekit.com/aap7vds.html]
[web.archive.org/web/20140303191122/https_/use.typekit.com/aap7vds.html]
[web.archive.org/web/20140322211339/http_/use.typekit.com/aap7vds.html]
[web.archive.org/web/20130312041627/http_/use.typekit.com/aap7vds.html]
[web.archive.org/web/20150317065505/http_/use.typekit.com/aap7vds.html]
[web.archive.org/web/20140315204056_/http_/use.typekit.com/aap7vds.html]
[web.archive.org/web/20140315204056if_/http_/use.typekit.com/aap7vds.js]
[web.archive.org/web/20140315204056/http_/use.typekit.com/aap7vds.html]
[web.archive.org/web/20131224213201/http_/use.typekit.com/aap7vds.html]
[web.archive.org/web/20140129140123/http_/use.typekit.com/aap7vds.html]
[web.archive.org/web/20130122023221/http_/use.typekit.com/aap7vds.html]
[web.archive.org/web/20150201160136/http_/use.typekit.com/aap7vds.html]
[web.archive.org/web/20140131173454_/http_/use.typekit.com/aap7vds.html]
[web.archive.org/web/20140131173454if_/http_/use.typekit.com/aap7vds.js]
[web.archive.org/web/20140131173454/http_/use.typekit.com/aap7vds.html]
[web.archive.org/web/20140211002420/http_/use.typekit.com/aap7vds.html]
[web.archive.org/web/20130211093345/http_/use.typekit.com/aap7vds.html]
[web.archive.org/web/20140212054809_/http_/use.typekit.com/aap7vds.html]
[web.archive.org/web/20140212054809if_/http_/use.typekit.com/aap7vds.js]
[web.archive.org/web/20140212054809/http_/use.typekit.com/aap7vds.html]
[web.archive.org/web/20121231034301/http_/use.typekit.com/aap7vds.html]
[web.archive.org/web/20130304224613/http_/use.typekit.com/aap7vds.html]
[web.archive.org/web/20130204052025if_/http_/use.typekit.com/aap7vds.js]
[web.archive.org/web/20130204052025/http_/use.typekit.com/aap7vds.html]
[web.archive.org/web/20130204052025_/http_/use.typekit.com/aap7vds.html]
[web.archive.org/web/20150113074844/http_/use.typekit.com/aap7vds.html]
[web.archive.org/web/20150215153856/http_/use.typekit.com/aap7vds.html]
[web.archive.org/web/20140213051322/http_/use.typekit.com/aap7vds.html]
[web.archive.org/web/20160401135238/http_/use.typekit.com/aap7vds.html]
[web.archive.org/web/20150214130239_/http_/use.typekit.com/aap7vds.html]
[web.archive.org/web/20150214130239if_/http_/use.typekit.com/aap7vds.js]
[web.archive.org/web/20150214130239/http_/use.typekit.com/aap7vds.html]
[archive.org/includes/jquery-1.10.2.min7a0c.js]
[archive.org/includes/analyticsd602.js]
[archive.org/includes/node_modules/react/dist/react.mina5f5.js]
[archive.org/includes/node_modules/react-dom/dist/react-dom.mina5f5.js]
[archive.org/includes/archive.mind602.js]
[web.archive.org/static/js/raven.min.js]
[archive.org/includes/archive.mind602.css]
[web.archive.org/static/js/ui424b.js]
[web.archive.org/static/bower_components/wayback-search-js/dist/manifest.745aefc5f420df8d5c32.js]
[web.archive.org/static/bower_components/wayback-search-js/dist/vendor.d11b2d8d1cdb36336ed6.js]
[web.archive.org/static/bower_components/wayback-search-js/dist/main.1e37cad5947839e6062d.js]
[archive.org/images/WaybackLogoSmall.png]
[archive.org/images/widgetOL.png]
[web.archive.org/web/20140210150055_/http_/use.typekit.com/aap7vds.html]
[i.kissmetrics.com/i.js]
[web.archive.org/web/20131210052836/http_/i.kissmetrics.com/i.html]
[web.archive.org/web/20140111210431/https_/i.kissmetrics.com/i.html]
[web.archive.org/web/20130110153829/http_/i.kissmetrics.com/i.html]
[web.archive.org/web/20150110030635/http_/i.kissmetrics.com/i.html]
[web.archive.org/web/20140110043636/http_/i.kissmetrics.com/i.html]
[web.archive.org/web/20140409015628/http_/i.kissmetrics.com/i.html]
[web.archive.org/web/20140307115000/http_/i.kissmetrics.com/i.html]
[web.archive.org/web/20140310060840/http_/i.kissmetrics.com/i.html]
[web.archive.org/web/20130308193404/http_/i.kissmetrics.com/i.html]
[web.archive.org/web/20150309032106/http_/i.kissmetrics.com/i.html]
[web.archive.org/web/20140309031252/http_/i.kissmetrics.com/i.html]
[web.archive.org/web/20140211020536/http_/i.kissmetrics.com/i.html]
[web.archive.org/web/20130211070730/http_/i.kissmetrics.com/i.html]
[web.archive.org/web/20150210073054/http_/i.kissmetrics.com/i.html]
[web.archive.org/web/20140210024855/http_/i.kissmetrics.com/i.html]
[web.archive.org/web/20130107115238/http_/i.kissmetrics.com/i.html]
[web.archive.org/web/20130308132258/http_/i.kissmetrics.com/i.html]
[web.archive.org/web/20130207153910/http_/i.kissmetrics.com/i.html]
[web.archive.org/web/20120207153008/http_/i.kissmetrics.com/i.html]
[web.archive.org/web/20130208093341/https_/i.kissmetrics.com/i.html]
[web.archive.org/web/20150108151723/http_/i.kissmetrics.com/i.html]
[web.archive.org/web/20150308175158/http_/i.kissmetrics.com/i.html]
[web.archive.org/web/20150207103138/http_/i.kissmetrics.com/i.html]
[web.archive.org/web/20160208192413/http_/i.kissmetrics.com/i.html]
[web.archive.org/web/20150208173804/http_/i.kissmetrics.com/i.html]
[web.archive.org/web/20140209031305if_/http_/i.kissmetrics.com/i.js]
[web.archive.org/web/20131208084115/https_/apis.google.com/js/plusone.html]
[web.archive.org/web/20140107083958/http_/apis.google.com/js/plusone.html]
[web.archive.org/web/20140109084503/https_/apis.google.com/js/plusone.html]
[web.archive.org/web/20130108081914/https_/apis.google.com/js/plusone.html]
[web.archive.org/web/20150108084737/https_/apis.google.com/js/plusone.html]
[web.archive.org/web/20140108084237if_/http_/apis.google.com/js/plusone.js]
[web.archive.org/web/20140108084237/http_/apis.google.com/js/plusone.html]
[web.archive.org/web/20140208085048/http_/apis.google.com/js/plusone.html]
[web.archive.org/web/20140408084955/http_/apis.google.com/js/plusone.html]
[web.archive.org/web/20140307084157/http_/apis.google.com/js/plusone.html]
[web.archive.org/web/20140309084246/https_/apis.google.com/js/plusone.html]
[web.archive.org/web/20130308084736/https_/apis.google.com/js/plusone.html]
[web.archive.org/web/20150308085109/http_/apis.google.com/js/plusone.html]
[web.archive.org/web/20140308085106if_/http_/apis.google.com/js/plusone.js]
[web.archive.org/web/20140308085106/http_/apis.google.com/js/plusone.html]
[web.archive.org/web/20140307085143/https_/apis.google.com/js/plusone.html]
[web.archive.org/web/20140206084017/https_/apis.google.com/js/plusone.html]
[web.archive.org/web/20140208085043/http_/apis.google.com/js/plusone.html]
[web.archive.org/web/20130207082921/http_/apis.google.com/js/plusone.html]
[web.archive.org/web/20150207084409/https_/apis.google.com/js/plusone.html]
[web.archive.org/web/20140207084359if_/https_/apis.google.com/js/plusone.js]
[web.archive.org/web/20140207084359/https_/apis.google.com/js/plusone.html]
[web.archive.org/web/20140210084552/https_/apis.google.com/js/plusone.html]
[web.archive.org/web/20130209084026/https_/apis.google.com/js/plusone.html]
[web.archive.org/web/20150209084850/http_/apis.google.com/js/plusone.html]
[web.archive.org/web/20140209084335if_/https_/apis.google.com/js/plusone.js]
[web.archive.org/web/20140209084335/https_/apis.google.com/js/plusone.html]
[web.archive.org/web/20130308084334/https_/apis.google.com/js/plusone.html]
[web.archive.org/web/20120208083821/http_/apis.google.com/js/plusone.html]
[web.archive.org/web/20140208084223/https_/apis.google.com/js/plusone.html]
[web.archive.org/web/20130208083839if_/http_/apis.google.com/js/plusone.js]
[web.archive.org/web/20130208083839/http_/apis.google.com/js/plusone.html]
[web.archive.org/web/20150108055731/http_/apis.google.com/js/plusone.html]
[web.archive.org/web/20150204093318/https_/apis.google.com/js/plusone.html]
[web.archive.org/web/20160208084604/https_/apis.google.com/js/plusone.html]
[web.archive.org/web/20150208084355if_/https_/apis.google.com/js/plusone.js]
[web.archive.org/web/20150208084355/https_/apis.google.com/js/plusone.html]
[web.archive.org/web/20131208084734/http_/platform.twitter.com/widgets.html]
[web.archive.org/web/20140107091359/http_/platform.twitter.com/widgets.html]
[web.archive.org/web/20140109083642/http_/platform.twitter.com/widgets.html]
[web.archive.org/web/20130108090615/http_/platform.twitter.com/widgets.html]
[web.archive.org/web/20150108093637/http_/platform.twitter.com/widgets.html]
[web.archive.org/web/20140108090340if_/http_/platform.twitter.com/widgets.js]
[web.archive.org/web/20140108090340/http_/platform.twitter.com/widgets.html]
[web.archive.org/web/20140408092101/http_/platform.twitter.com/widgets.html]
[web.archive.org/web/20140307092849/http_/platform.twitter.com/widgets.html]
[web.archive.org/web/20140309105152/http_/platform.twitter.com/widgets.html]
[web.archive.org/web/20130308084118/http_/platform.twitter.com/widgets.html]
[web.archive.org/web/20150308093218/http_/platform.twitter.com/widgets.html]
[web.archive.org/web/20140308091905if_/http_/platform.twitter.com/widgets.js]
[web.archive.org/web/20140308091905/http_/platform.twitter.com/widgets.html]
[web.archive.org/web/20140307085223/https_/platform.twitter.com/widgets.html]
[web.archive.org/web/20140206083626/http_/platform.twitter.com/widgets.html]
[web.archive.org/web/20130207082618/http_/platform.twitter.com/widgets.html]
[web.archive.org/web/20150207085603/https_/platform.twitter.com/widgets.html]
[web.archive.org/web/20140207085601if_/http_/platform.twitter.com/widgets.js]
[web.archive.org/web/20140207085601/http_/platform.twitter.com/widgets.html]
[web.archive.org/web/20140309074640/http_/platform.twitter.com/widgets.html]
[web.archive.org/web/20140210094441/https_/platform.twitter.com/widgets.html]
[web.archive.org/web/20130209090737/http_/platform.twitter.com/widgets.html]
[web.archive.org/web/20150209100645/http_/platform.twitter.com/widgets.html]
[web.archive.org/web/20140209090928if_/http_/platform.twitter.com/widgets.js]
[web.archive.org/web/20140209090928/http_/platform.twitter.com/widgets.html]
[web.archive.org/web/20130108095648/https_/platform.twitter.com/widgets.html]
[web.archive.org/web/20130308095501/https_/platform.twitter.com/widgets.html]
[web.archive.org/web/20130207093353/http_/platform.twitter.com/widgets.html]
[web.archive.org/web/20130209095755/http_/platform.twitter.com/widgets.html]
[web.archive.org/web/20120208093742/http_/platform.twitter.com/widgets.html]
[web.archive.org/web/20130208095105if_/http_/platform.twitter.com/widgets.js]
[web.archive.org/web/20130208095105/http_/platform.twitter.com/widgets.html]
[web.archive.org/web/20150108060137/http_/platform.twitter.com/widgets.html]
[web.archive.org/web/20150203185519/http_/platform.twitter.com/widgets.html]
[web.archive.org/web/20160208092056/http_/platform.twitter.com/widgets.html]
[web.archive.org/web/20150208092015if_/http_/platform.twitter.com/widgets.js]
[web.archive.org/web/20150208092015/http_/platform.twitter.com/widgets.html]
[web.archive.org/static/css/record.css]
[web.archive.org/web/20131021003725/http_/use.typekit.com/aap7vds.html]
